Microchip MPLAB XC8 Compiler V2.10 ()

Linker command line:

-W-3 --edf=C:\Program Files (x86)\Microchip\xc8\v2.10\pic\dat\en_msgs.txt \
  -cs -h+dist/default/production\temporizador.X.production.sym \
  --cmf=dist/default/production\temporizador.X.production.cmf -z -Q16F1824 \
  -oC:\Users\Ericson\AppData\Local\Temp\s8cg.2 --defsym=__MPLAB_BUILD=1 \
  -Mdist/default/production/temporizador.X.production.map -E1 -ver=XC8 \
  --acfsm=1493 -ASTACK=02046h-020EFh -pstack=STACK -ACODE=00h-07FFhx2 \
  -ASTRCODE=00h-0FFFh -ASTRING=00h-0FFhx16 -ACONST=00h-0FFhx16 \
  -AENTRY=00h-0FFhx16 -ACOMMON=070h-07Fh -ABANK0=020h-06Fh \
  -ABANK1=0A0h-0EFh -ABANK2=0120h-016Fh -ABIGRAM=02000h-020EFh \
  -ARAM=020h-06Fh,0A0h-0EFh,0120h-016Fh \
  -AABS1=020h-07Fh,0A0h-0EFh,0120h-016Fh -ASFR0=00h-01Fh -ASFR1=080h-09Fh \
  -ASFR2=0100h-011Fh -ASFR3=0180h-01EFh -ASFR4=0200h-026Fh \
  -ASFR5=0280h-02EFh -ASFR6=0300h-036Fh -ASFR7=0380h-03EFh \
  -ASFR8=0400h-046Fh -ASFR9=0480h-04EFh -ASFR10=0500h-056Fh \
  -ASFR11=0580h-05EFh -ASFR12=0600h-066Fh -ASFR13=0680h-06EFh \
  -ASFR14=0700h-076Fh -ASFR15=0780h-07EFh -ASFR16=0800h-086Fh \
  -ASFR17=0880h-08EFh -ASFR18=0900h-096Fh -ASFR19=0980h-09EFh \
  -ASFR20=0A00h-0A6Fh -ASFR21=0A80h-0AEFh -ASFR22=0B00h-0B6Fh \
  -ASFR23=0B80h-0BEFh -ASFR24=0C00h-0C6Fh -ASFR25=0C80h-0CEFh \
  -ASFR26=0D00h-0D6Fh -ASFR27=0D80h-0DEFh -ASFR28=0E00h-0E6Fh \
  -ASFR29=0E80h-0EEFh -ASFR30=0F00h-0F6Fh -ASFR31=0F80h-0FEFh \
  -preset_vec=00h,intentry=04h,init,end_init -ppowerup=CODE -pcinit=CODE \
  -pfunctab=ENTRY -ACONFIG=08007h-08008h -pconfig=CONFIG -DCONFIG=2 \
  -AIDLOC=08000h-08003h -pidloc=IDLOC -DIDLOC=2 -AEEDATA=00h-0FFh/0F000h \
  -peeprom_data=EEDATA -DEEDATA=2 -DCODE=2 -DSTRCODE=2 -DSTRING=2 -DCONST=2 \
  -DENTRY=2 -k C:\Users\Ericson\AppData\Local\Temp\s8cg.o \
  dist/default/production\temporizador.X.production.o 

Object code version is 3.11

Machine type is 16F1824



                Name                               Link     Load   Length Selector   Space Scale
C:\Users\Ericson\AppData\Local\Temp\s8cg.o
                end_init                             38       38        2        8       0
                reset_vec                             0        0        2        0       0
                config                             8007     8007        2    1000E       0
dist/default/production\temporizador.X.production.o
                cinit                                3A       3A       18        8       0
                intentry                              4        4       34        8       0
                text22                              4E7      4E7       5F        8       0
                text21                              5A0      5A0       53        8       0
                text20                              63E      63E       42        8       0
                text19                              546      546       5A        8       0
                text18                              7F0      7F0        7        8       0
                text17                              3F8      3F8       EF        8       0
                text16                              FE8      FE8        6     1FD0       0
                text15                              767      767       26        8       0
                text14                              741      741       26        8       0
                text13                              71B      71B       26        8       0
                text12                              78D      78D       1B        8       0
                text11                              5F3      5F3       4B        8       0
                text10                              7E0      7E0        9        8       0
                text9                               7E9      7E9        7        8       0
                text8                               7D3      7D3        D        8       0
                text7                               FEE      FEE        6     1FDC       0
                text6                               FF4      FF4        6     1FE8       0
                text5                               680      680       3D        8       0
                text4                               6BD      6BD       34        8       0
                text3                               7BE      7BE       15        8       0
                text2                               6F1      6F1       2A        8       0
                text1                               2A4      2A4      154        8       0
                maintext                             52       52      252        8       0
                cstackBANK0                          50       50       16       20       1
                cstackCOMMON                         70       70        D       70       1
                clrtext                             FFA      FFA        6     1FF4       0
                inittext                            7F7      7F7        6        8       0
                dataBANK0                            3A       3A       16       20       1
                bssBANK0                             20       20       1A       20       1
                idataBANK0                          7A8      7A8       16        8       0

TOTAL           Name                               Link     Load   Length     Space
        CLASS   STACK          

        CLASS   CODE           
                end_init                             38       38        2         0
                cinit                                3A       3A       18         0
                intentry                              4        4       34         0
                reset_vec                             0        0        2         0
                text22                              4E7      4E7       5F         0
                text21                              5A0      5A0       53         0
                text20                              63E      63E       42         0
                text19                              546      546       5A         0
                text18                              7F0      7F0        7         0
                text17                              3F8      3F8       EF         0
                text16                              FE8      FE8        6         0
                text15                              767      767       26         0
                text14                              741      741       26         0
                text13                              71B      71B       26         0
                text12                              78D      78D       1B         0
                text11                              5F3      5F3       4B         0
                text10                              7E0      7E0        9         0
                text9                               7E9      7E9        7         0
                text8                               7D3      7D3        D         0
                text7                               FEE      FEE        6         0
                text6                               FF4      FF4        6         0
                text5                               680      680       3D         0
                text4                               6BD      6BD       34         0
                text3                               7BE      7BE       15         0
                text2                               6F1      6F1       2A         0
                text1                               2A4      2A4      154         0
                maintext                             52       52      252         0
                clrtext                             FFA      FFA        6         0
                inittext                            7F7      7F7        6         0
                idataBANK0                          7A8      7A8       16         0

        CLASS   STRCODE        

        CLASS   STRING         

        CLASS   CONST          

        CLASS   ENTRY          

        CLASS   COMMON         
                cstackCOMMON                         70       70        D         1

        CLASS   BANK0          
                cstackBANK0                          50       50       16         1
                dataBANK0                            3A       3A       16         1
                bssBANK0                             20       20       1A         1

        CLASS   BANK1          

        CLASS   BANK2          

        CLASS   BIGRAM         

        CLASS   RAM            

        CLASS   ABS1           
                abs_s1                               7E       7E        2         1

        CLASS   SFR0           

        CLASS   SFR1           

        CLASS   SFR2           

        CLASS   SFR3           

        CLASS   SFR4           

        CLASS   SFR5           

        CLASS   SFR6           

        CLASS   SFR7           

        CLASS   SFR8           

        CLASS   SFR9           

        CLASS   SFR10          

        CLASS   SFR11          

        CLASS   SFR12          

        CLASS   SFR13          

        CLASS   SFR14          

        CLASS   SFR15          

        CLASS   SFR16          

        CLASS   SFR17          

        CLASS   SFR18          

        CLASS   SFR19          

        CLASS   SFR20          

        CLASS   SFR21          

        CLASS   SFR22          

        CLASS   SFR23          

        CLASS   SFR24          

        CLASS   SFR25          

        CLASS   SFR26          

        CLASS   SFR27          

        CLASS   SFR28          

        CLASS   SFR29          

        CLASS   SFR30          

        CLASS   SFR31          

        CLASS   CONFIG         
                config                             8007     8007        2         0

        CLASS   IDLOC          

        CLASS   EEDATA         

        CLASS   BANK31         

        CLASS   BANK30         

        CLASS   BANK29         

        CLASS   BANK28         

        CLASS   BANK27         

        CLASS   BANK26         

        CLASS   BANK25         

        CLASS   BANK24         

        CLASS   BANK23         

        CLASS   BANK22         

        CLASS   BANK21         

        CLASS   BANK20         

        CLASS   BANK19         

        CLASS   BANK18         

        CLASS   BANK17         

        CLASS   BANK16         

        CLASS   BANK15         

        CLASS   BANK14         

        CLASS   BANK13         

        CLASS   BANK12         

        CLASS   BANK11         

        CLASS   BANK10         

        CLASS   BANK9          

        CLASS   BANK8          

        CLASS   BANK7          

        CLASS   BANK6          

        CLASS   BANK5          

        CLASS   BANK4          

        CLASS   BANK3          



SEGMENTS        Name                           Load    Length   Top    Selector   Space  Class     Delta

                reset_vec                      000000  000002  000002         0       0  CODE        2
                intentry                       000004  0007F9  0007FD         8       0  CODE        2
                bssBANK0                       000020  000046  000066        20       1  BANK0       1
                cstackCOMMON                   000070  00000D  00007D        70       1  COMMON      1
                text16                         000FE8  000006  000FEE      1FD0       0  CODE        2
                text7                          000FEE  000006  000FF4      1FDC       0  CODE        2
                text6                          000FF4  000006  000FFA      1FE8       0  CODE        2
                clrtext                        000FFA  000006  001000      1FF4       0  CODE        2
                config                         008007  000002  008009     1000E       0  CONFIG      2


UNUSED ADDRESS RANGES

        Name                Unused          Largest block    Delta
        BANK0            00066-0006F               A           1
        BANK1            000A0-000EF              50           1
        BANK2            00120-0016F              50           1
        BIGRAM           02000-020EF              F0           1
        CODE             00002-00003               2           2
                         007FD-00FE7               3
        COMMON           0007D-0007D               1           1
        CONST            00002-00003               2           2
                         007FD-00FE7             100
        EEDATA           0F000-0F0FF             100           2
        ENTRY            00002-00003               2           2
                         007FD-00FE7             100
        IDLOC            08000-08003               4           2
        RAM              00066-0006F               A           1
                         000A0-000EF              50
                         00120-0016F              50
        SFR0             00000-0001F              20           1
        SFR1             00080-0009F              20           1
        SFR10            00500-0056F              70           1
        SFR11            00580-005EF              70           1
        SFR12            00600-0066F              70           1
        SFR13            00680-006EF              70           1
        SFR14            00700-0076F              70           1
        SFR15            00780-007EF              70           1
        SFR16            00800-0086F              70           1
        SFR17            00880-008EF              70           1
        SFR18            00900-0096F              70           1
        SFR19            00980-009EF              70           1
        SFR2             00100-0011F              20           1
        SFR20            00A00-00A6F              70           1
        SFR21            00A80-00AEF              70           1
        SFR22            00B00-00B6F              70           1
        SFR23            00B80-00BEF              70           1
        SFR24            00C00-00C6F              70           1
        SFR25            00C80-00CEF              70           1
        SFR26            00D00-00D6F              70           1
        SFR27            00D80-00DEF              70           1
        SFR28            00E00-00E6F              70           1
        SFR29            00E80-00EEF              70           1
        SFR3             00180-001EF              70           1
        SFR30            00F00-00F6F              70           1
        SFR31            00F80-00FEF              70           1
        SFR4             00200-0026F              70           1
        SFR5             00280-002EF              70           1
        SFR6             00300-0036F              70           1
        SFR7             00380-003EF              70           1
        SFR8             00400-0046F              70           1
        SFR9             00480-004EF              70           1
        STACK            02046-020EF              AA           1
        STRCODE          00002-00003               2           2
                         007FD-00FE7             7EB
        STRING           00002-00003               2           2
                         007FD-00FE7             100

                                  Symbol Table

?___awdiv                      cstackCOMMON 00071
?___awmod                      cstackCOMMON 00071
?___lwdiv                      cstackCOMMON 00077
?___lwmod                      cstackCOMMON 00071
?_input_pulsador_bajar         cstackCOMMON 00071
?_input_pulsador_ok            cstackCOMMON 00071
?_input_pulsador_subir         cstackCOMMON 00071
_EEADR                         (abs)        00191
_EECON1                        (abs)        00195
_EECON1bits                    (abs)        00195
_EECON2                        (abs)        00196
_EEDATA                        (abs)        00193
_INTCONbits                    (abs)        0000B
_LATAbits                      (abs)        0010C
_LATCbits                      (abs)        0010E
_OPTION_REGbits                (abs)        00095
_OSCCONbits                    (abs)        00099
_PORTAbits                     (abs)        0000C
_PORTCbits                     (abs)        0000E
_STATUSbits                    (abs)        00003
_TMR0                          (abs)        00015
_TRISAbits                     (abs)        0008C
_TRISCbits                     (abs)        0008E
__CFG_BOREN$OFF                (abs)        00000
__CFG_BORV$LO                  (abs)        00000
__CFG_CLKOUTEN$OFF             (abs)        00000
__CFG_CP$ON                    (abs)        00000
__CFG_CPD$ON                   (abs)        00000
__CFG_FCMEN$OFF                (abs)        00000
__CFG_FOSC$INTOSC              (abs)        00000
__CFG_IESO$ON                  (abs)        00000
__CFG_LVP$OFF                  (abs)        00000
__CFG_MCLRE$OFF                (abs)        00000
__CFG_PLLEN$ON                 (abs)        00000
__CFG_PWRTE$ON                 (abs)        00000
__CFG_STVREN$OFF               (abs)        00000
__CFG_WDTE$OFF                 (abs)        00000
__CFG_WRT$OFF                  (abs)        00000
__Habs1                        abs1         00000
__Hbank0                       bank0        00000
__Hbank1                       bank1        00000
__Hbank10                      bank10       00000
__Hbank11                      bank11       00000
__Hbank12                      bank12       00000
__Hbank13                      bank13       00000
__Hbank14                      bank14       00000
__Hbank15                      bank15       00000
__Hbank16                      bank16       00000
__Hbank17                      bank17       00000
__Hbank18                      bank18       00000
__Hbank19                      bank19       00000
__Hbank2                       bank2        00000
__Hbank20                      bank20       00000
__Hbank21                      bank21       00000
__Hbank22                      bank22       00000
__Hbank23                      bank23       00000
__Hbank24                      bank24       00000
__Hbank25                      bank25       00000
__Hbank26                      bank26       00000
__Hbank27                      bank27       00000
__Hbank28                      bank28       00000
__Hbank29                      bank29       00000
__Hbank3                       bank3        00000
__Hbank30                      bank30       00000
__Hbank31                      bank31       00000
__Hbank4                       bank4        00000
__Hbank5                       bank5        00000
__Hbank6                       bank6        00000
__Hbank7                       bank7        00000
__Hbank8                       bank8        00000
__Hbank9                       bank9        00000
__Hbigram                      bigram       00000
__HbssBANK0                    bssBANK0     00000
__Hcinit                       cinit        00052
__Hclrtext                     clrtext      00000
__Hcode                        code         00000
__Hcommon                      common       00000
__Hconfig                      config       08009
__HcstackBANK0                 cstackBANK0  00000
__HcstackCOMMON                cstackCOMMON 00000
__HdataBANK0                   dataBANK0    00000
__Heeprom_data                 eeprom_data  00000
__Hend_init                    end_init     0003A
__Hfunctab                     functab      00000
__HidataBANK0                  idataBANK0   00000
__Hidloc                       idloc        00000
__Hinit                        init         00038
__Hinittext                    inittext     00000
__Hintentry                    intentry     00038
__Hmaintext                    maintext     00000
__Hpowerup                     powerup      00000
__Hram                         ram          00000
__Hreset_vec                   reset_vec    00002
__Hsfr0                        sfr0         00000
__Hsfr1                        sfr1         00000
__Hsfr10                       sfr10        00000
__Hsfr11                       sfr11        00000
__Hsfr12                       sfr12        00000
__Hsfr13                       sfr13        00000
__Hsfr14                       sfr14        00000
__Hsfr15                       sfr15        00000
__Hsfr16                       sfr16        00000
__Hsfr17                       sfr17        00000
__Hsfr18                       sfr18        00000
__Hsfr19                       sfr19        00000
__Hsfr2                        sfr2         00000
__Hsfr20                       sfr20        00000
__Hsfr21                       sfr21        00000
__Hsfr22                       sfr22        00000
__Hsfr23                       sfr23        00000
__Hsfr24                       sfr24        00000
__Hsfr25                       sfr25        00000
__Hsfr26                       sfr26        00000
__Hsfr27                       sfr27        00000
__Hsfr28                       sfr28        00000
__Hsfr29                       sfr29        00000
__Hsfr3                        sfr3         00000
__Hsfr30                       sfr30        00000
__Hsfr31                       sfr31        00000
__Hsfr4                        sfr4         00000
__Hsfr5                        sfr5         00000
__Hsfr6                        sfr6         00000
__Hsfr7                        sfr7         00000
__Hsfr8                        sfr8         00000
__Hsfr9                        sfr9         00000
__Hspace_0                     (abs)        08009
__Hspace_1                     (abs)        0007D
__Hspace_2                     (abs)        00000
__Hspace_3                     (abs)        00000
__Hstack                       stack        00000
__Hstrings                     strings      00000
__Htext                        text         00000
__Labs1                        abs1         00000
__Lbank0                       bank0        00000
__Lbank1                       bank1        00000
__Lbank10                      bank10       00000
__Lbank11                      bank11       00000
__Lbank12                      bank12       00000
__Lbank13                      bank13       00000
__Lbank14                      bank14       00000
__Lbank15                      bank15       00000
__Lbank16                      bank16       00000
__Lbank17                      bank17       00000
__Lbank18                      bank18       00000
__Lbank19                      bank19       00000
__Lbank2                       bank2        00000
__Lbank20                      bank20       00000
__Lbank21                      bank21       00000
__Lbank22                      bank22       00000
__Lbank23                      bank23       00000
__Lbank24                      bank24       00000
__Lbank25                      bank25       00000
__Lbank26                      bank26       00000
__Lbank27                      bank27       00000
__Lbank28                      bank28       00000
__Lbank29                      bank29       00000
__Lbank3                       bank3        00000
__Lbank30                      bank30       00000
__Lbank31                      bank31       00000
__Lbank4                       bank4        00000
__Lbank5                       bank5        00000
__Lbank6                       bank6        00000
__Lbank7                       bank7        00000
__Lbank8                       bank8        00000
__Lbank9                       bank9        00000
__Lbigram                      bigram       00000
__LbssBANK0                    bssBANK0     00000
__Lcinit                       cinit        0003A
__Lclrtext                     clrtext      00000
__Lcode                        code         00000
__Lcommon                      common       00000
__Lconfig                      config       08007
__LcstackBANK0                 cstackBANK0  00000
__LcstackCOMMON                cstackCOMMON 00000
__LdataBANK0                   dataBANK0    00000
__Leeprom_data                 eeprom_data  00000
__Lend_init                    end_init     00038
__Lfunctab                     functab      00000
__LidataBANK0                  idataBANK0   00000
__Lidloc                       idloc        00000
__Linit                        init         00038
__Linittext                    inittext     00000
__Lintentry                    intentry     00004
__Lmaintext                    maintext     00000
__Lpowerup                     powerup      00000
__Lram                         ram          00000
__Lreset_vec                   reset_vec    00000
__Lsfr0                        sfr0         00000
__Lsfr1                        sfr1         00000
__Lsfr10                       sfr10        00000
__Lsfr11                       sfr11        00000
__Lsfr12                       sfr12        00000
__Lsfr13                       sfr13        00000
__Lsfr14                       sfr14        00000
__Lsfr15                       sfr15        00000
__Lsfr16                       sfr16        00000
__Lsfr17                       sfr17        00000
__Lsfr18                       sfr18        00000
__Lsfr19                       sfr19        00000
__Lsfr2                        sfr2         00000
__Lsfr20                       sfr20        00000
__Lsfr21                       sfr21        00000
__Lsfr22                       sfr22        00000
__Lsfr23                       sfr23        00000
__Lsfr24                       sfr24        00000
__Lsfr25                       sfr25        00000
__Lsfr26                       sfr26        00000
__Lsfr27                       sfr27        00000
__Lsfr28                       sfr28        00000
__Lsfr29                       sfr29        00000
__Lsfr3                        sfr3         00000
__Lsfr30                       sfr30        00000
__Lsfr31                       sfr31        00000
__Lsfr4                        sfr4         00000
__Lsfr5                        sfr5         00000
__Lsfr6                        sfr6         00000
__Lsfr7                        sfr7         00000
__Lsfr8                        sfr8         00000
__Lsfr9                        sfr9         00000
__Lspace_0                     (abs)        00000
__Lspace_1                     (abs)        00000
__Lspace_2                     (abs)        00000
__Lspace_3                     (abs)        00000
__Lstack                       stack        00000
__Lstrings                     strings      00000
__Ltext                        text         00000
__S0                           (abs)        08009
__S1                           (abs)        0007D
__S2                           (abs)        00000
__S3                           (abs)        00000
___awdiv                       text22       004E7
___awdiv@counter               cstackCOMMON 00076
___awdiv@dividend              cstackCOMMON 00073
___awdiv@divisor               cstackCOMMON 00071
___awdiv@quotient              cstackCOMMON 00078
___awdiv@sign                  cstackCOMMON 00077
___awmod                       text21       005A0
___awmod@counter               cstackCOMMON 00076
___awmod@dividend              cstackCOMMON 00073
___awmod@divisor               cstackCOMMON 00071
___awmod@sign                  cstackCOMMON 00077
___int_sp                      stack        00000
___latbits                     (abs)        00001
___lwdiv                       text5        00680
___lwdiv@counter               cstackBANK0  00052
___lwdiv@dividend              cstackCOMMON 00079
___lwdiv@divisor               cstackCOMMON 00077
___lwdiv@quotient              cstackBANK0  00050
___lwmod                       text4        006BD
___lwmod@counter               cstackCOMMON 00076
___lwmod@dividend              cstackCOMMON 00073
___lwmod@divisor               cstackCOMMON 00071
___max7219_write               text20       0063E
___max7219_write@address       cstackCOMMON 00071
___max7219_write@data          cstackCOMMON 00073
___max7219_write@dataSend      cstackCOMMON 00079
___max7219_write@i             cstackCOMMON 0007B
___sp                          stack        00000
___stackhi                     (abs)        020EF
___stacklo                     (abs)        02046
__end_of___awdiv               text22       00546
__end_of___awmod               text21       005F3
__end_of___lwdiv               text5        006BD
__end_of___lwmod               text4        006F1
__end_of___max7219_write       text20       00680
__end_of__initialization       cinit        0004E
__end_of_display_init          text17       004E7
__end_of_eeprom_read           text3        007D3
__end_of_eeprom_write          text2        0071B
__end_of_input_config          text16       00FEE
__end_of_input_pulsador_bajar  text15       0078D
__end_of_input_pulsador_ok     text14       00767
__end_of_input_pulsador_subir  text13       00741
__end_of_main                  maintext     002A4
__end_of_max7219_brillo        text12       007A8
__end_of_max7219_config        text11       0063E
__end_of_max7219_writeChar     text19       005A0
__end_of_myISR                 intentry     00038
__end_of_oscillator_config     text10       007E9
__end_of_output_config         text9        007F0
__end_of_output_relay          text18       007F7
__end_of_timer_0_config        text8        007E0
__end_of_timer_0_disable       text7        00FF4
__end_of_timer_0_enable        text6        00FFA
__end_of_update_eeprom         text1        003F8
__initialization               cinit        0003A
__pbssBANK0                    bssBANK0     00020
__pcstackBANK0                 cstackBANK0  00050
__pcstackCOMMON                cstackCOMMON 00070
__pdataBANK0                   dataBANK0    0003A
__pidataBANK0                  idataBANK0   007A8
__pintentry                    intentry     00004
__pmaintext                    maintext     00052
__ptext1                       text1        002A4
__ptext10                      text10       007E0
__ptext11                      text11       005F3
__ptext12                      text12       0078D
__ptext13                      text13       0071B
__ptext14                      text14       00741
__ptext15                      text15       00767
__ptext16                      text16       00FE8
__ptext17                      text17       003F8
__ptext18                      text18       007F0
__ptext19                      text19       00546
__ptext2                       text2        006F1
__ptext20                      text20       0063E
__ptext21                      text21       005A0
__ptext22                      text22       004E7
__ptext3                       text3        007BE
__ptext4                       text4        006BD
__ptext5                       text5        00680
__ptext6                       text6        00FF4
__ptext7                       text7        00FEE
__ptext8                       text8        007D3
__ptext9                       text9        007E9
__size_of___awdiv              (abs)        00000
__size_of___awmod              (abs)        00000
__size_of___lwdiv              (abs)        00000
__size_of___lwmod              (abs)        00000
__size_of___max7219_write      (abs)        00000
__size_of_display_init         (abs)        00000
__size_of_eeprom_read          (abs)        00000
__size_of_eeprom_write         (abs)        00000
__size_of_input_config         (abs)        00000
__size_of_input_pulsador_bajar (abs)        00000
__size_of_input_pulsador_ok    (abs)        00000
__size_of_input_pulsador_subir (abs)        00000
__size_of_main                 (abs)        00000
__size_of_max7219_brillo       (abs)        00000
__size_of_max7219_config       (abs)        00000
__size_of_max7219_writeChar    (abs)        00000
__size_of_myISR                (abs)        00000
__size_of_oscillator_config    (abs)        00000
__size_of_output_config        (abs)        00000
__size_of_output_relay         (abs)        00000
__size_of_timer_0_config       (abs)        00000
__size_of_timer_0_disable      (abs)        00000
__size_of_timer_0_enable       (abs)        00000
__size_of_update_eeprom        (abs)        00000
_dig1                          dataBANK0    00045
_dig2                          dataBANK0    0003A
_display_init                  text17       003F8
_eeprom_read                   text3        007BE
_eeprom_write                  text2        006F1
_input_config                  text16       00FE8
_input_pulsador_bajar          text15       00767
_input_pulsador_ok             text14       00741
_input_pulsador_subir          text13       0071B
_k                             bssBANK0     00020
_last_minutos_temp             bssBANK0     0002A
_last_segundos_temp            bssBANK0     00028
_main                          maintext     00052
_max7219_brillo                text12       0078D
_max7219_config                text11       005F3
_max7219_writeChar             text19       00546
_minutos_set                   bssBANK0     00032
_minutos_temp                  bssBANK0     0002E
_myISR                         intentry     00004
_oscillator_config             text10       007E0
_output_config                 text9        007E9
_output_relay                  text18       007F0
_proceso                       bssBANK0     00026
_segundos_set                  bssBANK0     00030
_segundos_temp                 bssBANK0     0002C
_timer_0_config                text8        007D3
_timer_0_disable               text7        00FEE
_timer_0_enable                text6        00FF4
_update_eeprom                 text1        002A4
_update_eeprom$1084            cstackBANK0  0005D
_update_eeprom$1085            cstackBANK0  0005B
btemp                          (abs)        0007E
clear_ram0                     clrtext      00FFA
display_init@i                 cstackBANK0  0005A
display_init@j                 cstackBANK0  0005C
eeprom_read@addr               cstackCOMMON 00074
eeprom_write@addr              cstackCOMMON 00074
eeprom_write@value             cstackCOMMON 00071
end_of_initialization          cinit        0004E
init_ram                       inittext     007F7
input_pulsador_bajar@contador  bssBANK0     00036
input_pulsador_ok@contador     bssBANK0     00034
input_pulsador_subir@contador  bssBANK0     00038
int$flags                      (abs)        0007E
intlevel0                      functab      00000
intlevel1                      functab      00000
intlevel2                      functab      00000
intlevel3                      functab      00000
intlevel4                      functab      00000
intlevel5                      functab      00000
max7219_brillo@data            cstackBANK0  00050
max7219_writeChar@data         cstackBANK0  00055
max7219_writeChar@pos          cstackBANK0  00053
myISR@f                        bssBANK0     00024
output_relay@d                 cstackCOMMON 00071
reset_vec                      reset_vec    00000
start                          init         00038
start_initialization           cinit        0003A
update_eeprom@usos             cstackBANK0  00063
update_eeprom@var1             cstackBANK0  0005F
update_eeprom@var2             cstackBANK0  00061
wtemp0                         (abs)        0007E


FUNCTION INFORMATION:

 *************** function _main *****************
 Defined at:
		line 30 in file "main.c"
 Parameters:    Size  Location     Type
		None
 Auto vars:     Size  Location     Type
		None
 Return value:  Size  Location     Type
                  1    wreg      void 
 Registers used:
		wreg, fsr1l, fsr1h, status,2, status,0, pclath, cstack
 Tracked objects:
		On entry : 
		On exit  : 
		Unchanged: 
 Data sizes:     COMMON   BANK0   BANK1   BANK2
      Params:         0       0       0       0
      Locals:         0       0       0       0
      Temps:          0       1       0       0
      Totals:         0       1       0       0
Total ram usage:        1 bytes
 Hardware stack levels required when called:    4
 This function calls:
		___awdiv
		___awmod
		_display_init
		_eeprom_write
		_input_config
		_input_pulsador_bajar
		_input_pulsador_ok
		_input_pulsador_subir
		_max7219_brillo
		_max7219_config
		_max7219_writeChar
		_oscillator_config
		_output_config
		_output_relay
		_timer_0_config
		_timer_0_disable
		_timer_0_enable
		_update_eeprom
 This function is called by:
		Startup code after reset
 This function uses a non-reentrant model


 *************** function _update_eeprom *****************
 Defined at:
		line 155 in file "main.c"
 Parameters:    Size  Location     Type
		None
 Auto vars:     Size  Location     Type
  usos            2   19[BANK0 ] unsigned int 
  var2            2   17[BANK0 ] int 
  var1            2   15[BANK0 ] int 
 Return value:  Size  Location     Type
                  1    wreg      void 
 Registers used:
		wreg, fsr1l, fsr1h, status,2, status,0, pclath, cstack
 Tracked objects:
		On entry : 
		On exit  : 
		Unchanged: 
 Data sizes:     COMMON   BANK0   BANK1   BANK2
      Params:         0       0       0       0
      Locals:         0      10       0       0
      Temps:          0       2       0       0
      Totals:         0      12       0       0
Total ram usage:       12 bytes
 Hardware stack levels used:    1
 Hardware stack levels required when called:    3
 This function calls:
		___lwdiv
		___lwmod
		_eeprom_read
		_eeprom_write
		_max7219_writeChar
 This function is called by:
		_main
 This function uses a non-reentrant model


 *************** function _eeprom_write *****************
 Defined at:
		line 6 in file "C:\Program Files (x86)\Microchip\xc8\v2.10\pic\sources\c99\pic\__eewrite.c"
 Parameters:    Size  Location     Type
  addr            1    wreg     unsigned char 
  value           1    1[COMMON] unsigned char 
 Auto vars:     Size  Location     Type
  addr            1    4[COMMON] unsigned char 
 Return value:  Size  Location     Type
                  1    wreg      void 
 Registers used:
		wreg, status,2, status,0
 Tracked objects:
		On entry : 
		On exit  : 
		Unchanged: 
 Data sizes:     COMMON   BANK0   BANK1   BANK2
      Params:         1       0       0       0
      Locals:         1       0       0       0
      Temps:          2       0       0       0
      Totals:         4       0       0       0
Total ram usage:        4 bytes
 Hardware stack levels used:    1
 Hardware stack levels required when called:    1
 This function calls:
		Nothing
 This function is called by:
		_main
		_update_eeprom
 This function uses a non-reentrant model


 *************** function _eeprom_read *****************
 Defined at:
		line 6 in file "C:\Program Files (x86)\Microchip\xc8\v2.10\pic\sources\c99\pic\__eeread.c"
 Parameters:    Size  Location     Type
  addr            1    wreg     unsigned char 
 Auto vars:     Size  Location     Type
  addr            1    4[COMMON] unsigned char 
 Return value:  Size  Location     Type
                  1    wreg      unsigned char 
 Registers used:
		wreg, status,2, status,0
 Tracked objects:
		On entry : 
		On exit  : 
		Unchanged: 
 Data sizes:     COMMON   BANK0   BANK1   BANK2
      Params:         0       0       0       0
      Locals:         1       0       0       0
      Temps:          3       0       0       0
      Totals:         4       0       0       0
Total ram usage:        4 bytes
 Hardware stack levels used:    1
 Hardware stack levels required when called:    1
 This function calls:
		Nothing
 This function is called by:
		_update_eeprom
 This function uses a non-reentrant model


 *************** function ___lwmod *****************
 Defined at:
		line 5 in file "C:\Program Files (x86)\Microchip\xc8\v2.10\pic\sources\c99\common\lwmod.c"
 Parameters:    Size  Location     Type
  divisor         2    1[COMMON] unsigned int 
  dividend        2    3[COMMON] unsigned int 
 Auto vars:     Size  Location     Type
  counter         1    6[COMMON] unsigned char 
 Return value:  Size  Location     Type
                  2    1[COMMON] unsigned int 
 Registers used:
		wreg, status,2, status,0
 Tracked objects:
		On entry : 
		On exit  : 
		Unchanged: 
 Data sizes:     COMMON   BANK0   BANK1   BANK2
      Params:         4       0       0       0
      Locals:         1       0       0       0
      Temps:          1       0       0       0
      Totals:         6       0       0       0
Total ram usage:        6 bytes
 Hardware stack levels used:    1
 Hardware stack levels required when called:    1
 This function calls:
		Nothing
 This function is called by:
		_update_eeprom
 This function uses a non-reentrant model


 *************** function ___lwdiv *****************
 Defined at:
		line 5 in file "C:\Program Files (x86)\Microchip\xc8\v2.10\pic\sources\c99\common\lwdiv.c"
 Parameters:    Size  Location     Type
  divisor         2    7[COMMON] unsigned int 
  dividend        2    9[COMMON] unsigned int 
 Auto vars:     Size  Location     Type
  quotient        2    0[BANK0 ] unsigned int 
  counter         1    2[BANK0 ] unsigned char 
 Return value:  Size  Location     Type
                  2    7[COMMON] unsigned int 
 Registers used:
		wreg, status,2, status,0
 Tracked objects:
		On entry : 
		On exit  : 
		Unchanged: 
 Data sizes:     COMMON   BANK0   BANK1   BANK2
      Params:         4       0       0       0
      Locals:         0       3       0       0
      Temps:          1       0       0       0
      Totals:         5       3       0       0
Total ram usage:        8 bytes
 Hardware stack levels used:    1
 Hardware stack levels required when called:    1
 This function calls:
		Nothing
 This function is called by:
		_update_eeprom
 This function uses a non-reentrant model


 *************** function _timer_0_enable *****************
 Defined at:
		line 124 in file "main.c"
 Parameters:    Size  Location     Type
		None
 Auto vars:     Size  Location     Type
		None
 Return value:  Size  Location     Type
                  1    wreg      void 
 Registers used:
		status,2
 Tracked objects:
		On entry : 
		On exit  : 
		Unchanged: 
 Data sizes:     COMMON   BANK0   BANK1   BANK2
      Params:         0       0       0       0
      Locals:         0       0       0       0
      Temps:          0       0       0       0
      Totals:         0       0       0       0
Total ram usage:        0 bytes
 Hardware stack levels used:    1
 Hardware stack levels required when called:    1
 This function calls:
		Nothing
 This function is called by:
		_main
 This function uses a non-reentrant model


 *************** function _timer_0_disable *****************
 Defined at:
		line 131 in file "main.c"
 Parameters:    Size  Location     Type
		None
 Auto vars:     Size  Location     Type
		None
 Return value:  Size  Location     Type
                  1    wreg      void 
 Registers used:
		status,2
 Tracked objects:
		On entry : 
		On exit  : 
		Unchanged: 
 Data sizes:     COMMON   BANK0   BANK1   BANK2
      Params:         0       0       0       0
      Locals:         0       0       0       0
      Temps:          0       0       0       0
      Totals:         0       0       0       0
Total ram usage:        0 bytes
 Hardware stack levels used:    1
 Hardware stack levels required when called:    1
 This function calls:
		Nothing
 This function is called by:
		_main
 This function uses a non-reentrant model


 *************** function _timer_0_config *****************
 Defined at:
		line 111 in file "main.c"
 Parameters:    Size  Location     Type
		None
 Auto vars:     Size  Location     Type
		None
 Return value:  Size  Location     Type
                  1    wreg      void 
 Registers used:
		wreg, status,2, status,0
 Tracked objects:
		On entry : 
		On exit  : 
		Unchanged: 
 Data sizes:     COMMON   BANK0   BANK1   BANK2
      Params:         0       0       0       0
      Locals:         0       0       0       0
      Temps:          0       0       0       0
      Totals:         0       0       0       0
Total ram usage:        0 bytes
 Hardware stack levels used:    1
 Hardware stack levels required when called:    1
 This function calls:
		Nothing
 This function is called by:
		_main
 This function uses a non-reentrant model


 *************** function _output_config *****************
 Defined at:
		line 16 in file "./output.h"
 Parameters:    Size  Location     Type
		None
 Auto vars:     Size  Location     Type
		None
 Return value:  Size  Location     Type
                  1    wreg      void 
 Registers used:
		None
 Tracked objects:
		On entry : 
		On exit  : 
		Unchanged: 
 Data sizes:     COMMON   BANK0   BANK1   BANK2
      Params:         0       0       0       0
      Locals:         0       0       0       0
      Temps:          0       0       0       0
      Totals:         0       0       0       0
Total ram usage:        0 bytes
 Hardware stack levels used:    1
 Hardware stack levels required when called:    1
 This function calls:
		Nothing
 This function is called by:
		_main
 This function uses a non-reentrant model


 *************** function _oscillator_config *****************
 Defined at:
		line 105 in file "main.c"
 Parameters:    Size  Location     Type
		None
 Auto vars:     Size  Location     Type
		None
 Return value:  Size  Location     Type
                  1    wreg      void 
 Registers used:
		wreg, status,2, status,0
 Tracked objects:
		On entry : 
		On exit  : 
		Unchanged: 
 Data sizes:     COMMON   BANK0   BANK1   BANK2
      Params:         0       0       0       0
      Locals:         0       0       0       0
      Temps:          0       0       0       0
      Totals:         0       0       0       0
Total ram usage:        0 bytes
 Hardware stack levels used:    1
 Hardware stack levels required when called:    1
 This function calls:
		Nothing
 This function is called by:
		_main
 This function uses a non-reentrant model


 *************** function _max7219_config *****************
 Defined at:
		line 85 in file "./max7219.h"
 Parameters:    Size  Location     Type
		None
 Auto vars:     Size  Location     Type
		None
 Return value:  Size  Location     Type
                  1    wreg      void 
 Registers used:
		wreg, status,2, status,0, pclath, cstack
 Tracked objects:
		On entry : 
		On exit  : 
		Unchanged: 
 Data sizes:     COMMON   BANK0   BANK1   BANK2
      Params:         0       0       0       0
      Locals:         0       0       0       0
      Temps:          0       0       0       0
      Totals:         0       0       0       0
Total ram usage:        0 bytes
 Hardware stack levels used:    1
 Hardware stack levels required when called:    2
 This function calls:
		___max7219_write
 This function is called by:
		_main
 This function uses a non-reentrant model


 *************** function _max7219_brillo *****************
 Defined at:
		line 117 in file "./max7219.h"
 Parameters:    Size  Location     Type
  data            2    0[BANK0 ] unsigned int 
 Auto vars:     Size  Location     Type
		None
 Return value:  Size  Location     Type
                  1    wreg      void 
 Registers used:
		wreg, status,2, status,0, pclath, cstack
 Tracked objects:
		On entry : 
		On exit  : 
		Unchanged: 
 Data sizes:     COMMON   BANK0   BANK1   BANK2
      Params:         0       2       0       0
      Locals:         0       0       0       0
      Temps:          0       0       0       0
      Totals:         0       2       0       0
Total ram usage:        2 bytes
 Hardware stack levels used:    1
 Hardware stack levels required when called:    2
 This function calls:
		___max7219_write
 This function is called by:
		_main
 This function uses a non-reentrant model


 *************** function _input_pulsador_subir *****************
 Defined at:
		line 27 in file "./input.h"
 Parameters:    Size  Location     Type
		None
 Auto vars:     Size  Location     Type
		None
 Return value:  Size  Location     Type
                  2    1[COMMON] unsigned int 
 Registers used:
		wreg, status,2
 Tracked objects:
		On entry : 
		On exit  : 
		Unchanged: 
 Data sizes:     COMMON   BANK0   BANK1   BANK2
      Params:         2       0       0       0
      Locals:         0       0       0       0
      Temps:          1       0       0       0
      Totals:         3       0       0       0
Total ram usage:        3 bytes
 Hardware stack levels used:    1
 Hardware stack levels required when called:    1
 This function calls:
		Nothing
 This function is called by:
		_main
 This function uses a non-reentrant model


 *************** function _input_pulsador_ok *****************
 Defined at:
		line 55 in file "./input.h"
 Parameters:    Size  Location     Type
		None
 Auto vars:     Size  Location     Type
		None
 Return value:  Size  Location     Type
                  2    1[COMMON] unsigned int 
 Registers used:
		wreg, status,2
 Tracked objects:
		On entry : 
		On exit  : 
		Unchanged: 
 Data sizes:     COMMON   BANK0   BANK1   BANK2
      Params:         2       0       0       0
      Locals:         0       0       0       0
      Temps:          1       0       0       0
      Totals:         3       0       0       0
Total ram usage:        3 bytes
 Hardware stack levels used:    1
 Hardware stack levels required when called:    1
 This function calls:
		Nothing
 This function is called by:
		_main
 This function uses a non-reentrant model


 *************** function _input_pulsador_bajar *****************
 Defined at:
		line 41 in file "./input.h"
 Parameters:    Size  Location     Type
		None
 Auto vars:     Size  Location     Type
		None
 Return value:  Size  Location     Type
                  2    1[COMMON] unsigned int 
 Registers used:
		wreg, status,2
 Tracked objects:
		On entry : 
		On exit  : 
		Unchanged: 
 Data sizes:     COMMON   BANK0   BANK1   BANK2
      Params:         2       0       0       0
      Locals:         0       0       0       0
      Temps:          1       0       0       0
      Totals:         3       0       0       0
Total ram usage:        3 bytes
 Hardware stack levels used:    1
 Hardware stack levels required when called:    1
 This function calls:
		Nothing
 This function is called by:
		_main
 This function uses a non-reentrant model


 *************** function _input_config *****************
 Defined at:
		line 20 in file "./input.h"
 Parameters:    Size  Location     Type
		None
 Auto vars:     Size  Location     Type
		None
 Return value:  Size  Location     Type
                  1    wreg      void 
 Registers used:
		None
 Tracked objects:
		On entry : 
		On exit  : 
		Unchanged: 
 Data sizes:     COMMON   BANK0   BANK1   BANK2
      Params:         0       0       0       0
      Locals:         0       0       0       0
      Temps:          0       0       0       0
      Totals:         0       0       0       0
Total ram usage:        0 bytes
 Hardware stack levels used:    1
 Hardware stack levels required when called:    1
 This function calls:
		Nothing
 This function is called by:
		_main
 This function uses a non-reentrant model


 *************** function _display_init *****************
 Defined at:
		line 138 in file "main.c"
 Parameters:    Size  Location     Type
		None
 Auto vars:     Size  Location     Type
  j               2   12[BANK0 ] int 
  i               2   10[BANK0 ] int 
 Return value:  Size  Location     Type
                  1    wreg      void 
 Registers used:
		wreg, fsr1l, fsr1h, status,2, status,0, pclath, cstack
 Tracked objects:
		On entry : 
		On exit  : 
		Unchanged: 
 Data sizes:     COMMON   BANK0   BANK1   BANK2
      Params:         0       0       0       0
      Locals:         0       4       0       0
      Temps:          0       1       0       0
      Totals:         0       5       0       0
Total ram usage:        5 bytes
 Hardware stack levels used:    1
 Hardware stack levels required when called:    3
 This function calls:
		___awdiv
		___awmod
		_max7219_writeChar
		_output_relay
 This function is called by:
		_main
 This function uses a non-reentrant model


 *************** function _output_relay *****************
 Defined at:
		line 27 in file "./output.h"
 Parameters:    Size  Location     Type
  d               2    1[COMMON] int 
 Auto vars:     Size  Location     Type
		None
 Return value:  Size  Location     Type
                  1    wreg      void 
 Registers used:
		wreg, status,0
 Tracked objects:
		On entry : 
		On exit  : 
		Unchanged: 
 Data sizes:     COMMON   BANK0   BANK1   BANK2
      Params:         2       0       0       0
      Locals:         0       0       0       0
      Temps:          0       0       0       0
      Totals:         2       0       0       0
Total ram usage:        2 bytes
 Hardware stack levels used:    1
 Hardware stack levels required when called:    1
 This function calls:
		Nothing
 This function is called by:
		_main
		_display_init
 This function uses a non-reentrant model


 *************** function _max7219_writeChar *****************
 Defined at:
		line 107 in file "./max7219.h"
 Parameters:    Size  Location     Type
  pos             2    3[BANK0 ] unsigned int 
  data            2    5[BANK0 ] unsigned int 
 Auto vars:     Size  Location     Type
		None
 Return value:  Size  Location     Type
                  1    wreg      void 
 Registers used:
		wreg, fsr1l, fsr1h, status,2, status,0, pclath, cstack
 Tracked objects:
		On entry : 
		On exit  : 
		Unchanged: 
 Data sizes:     COMMON   BANK0   BANK1   BANK2
      Params:         0       4       0       0
      Locals:         0       0       0       0
      Temps:          0       2       0       0
      Totals:         0       6       0       0
Total ram usage:        6 bytes
 Hardware stack levels used:    1
 Hardware stack levels required when called:    2
 This function calls:
		___max7219_write
 This function is called by:
		_main
		_display_init
		_update_eeprom
 This function uses a non-reentrant model


 *************** function ___max7219_write *****************
 Defined at:
		line 65 in file "./max7219.h"
 Parameters:    Size  Location     Type
  address         2    1[COMMON] unsigned int 
  data            2    3[COMMON] unsigned int 
 Auto vars:     Size  Location     Type
  i               2   11[COMMON] unsigned int 
  dataSend        2    9[COMMON] unsigned int 
  j               2    0        unsigned int 
 Return value:  Size  Location     Type
                  1    wreg      void 
 Registers used:
		wreg, status,2, status,0
 Tracked objects:
		On entry : 
		On exit  : 
		Unchanged: 
 Data sizes:     COMMON   BANK0   BANK1   BANK2
      Params:         4       0       0       0
      Locals:         4       0       0       0
      Temps:          4       0       0       0
      Totals:        12       0       0       0
Total ram usage:       12 bytes
 Hardware stack levels used:    1
 Hardware stack levels required when called:    1
 This function calls:
		Nothing
 This function is called by:
		_max7219_config
		_max7219_writeChar
		_max7219_brillo
 This function uses a non-reentrant model


 *************** function ___awmod *****************
 Defined at:
		line 5 in file "C:\Program Files (x86)\Microchip\xc8\v2.10\pic\sources\c99\common\awmod.c"
 Parameters:    Size  Location     Type
  divisor         2    1[COMMON] int 
  dividend        2    3[COMMON] int 
 Auto vars:     Size  Location     Type
  sign            1    7[COMMON] unsigned char 
  counter         1    6[COMMON] unsigned char 
 Return value:  Size  Location     Type
                  2    1[COMMON] int 
 Registers used:
		wreg, status,2, status,0
 Tracked objects:
		On entry : 
		On exit  : 
		Unchanged: 
 Data sizes:     COMMON   BANK0   BANK1   BANK2
      Params:         4       0       0       0
      Locals:         2       0       0       0
      Temps:          1       0       0       0
      Totals:         7       0       0       0
Total ram usage:        7 bytes
 Hardware stack levels used:    1
 Hardware stack levels required when called:    1
 This function calls:
		Nothing
 This function is called by:
		_main
		_display_init
 This function uses a non-reentrant model


 *************** function ___awdiv *****************
 Defined at:
		line 5 in file "C:\Program Files (x86)\Microchip\xc8\v2.10\pic\sources\c99\common\awdiv.c"
 Parameters:    Size  Location     Type
  divisor         2    1[COMMON] int 
  dividend        2    3[COMMON] int 
 Auto vars:     Size  Location     Type
  quotient        2    8[COMMON] int 
  sign            1    7[COMMON] unsigned char 
  counter         1    6[COMMON] unsigned char 
 Return value:  Size  Location     Type
                  2    1[COMMON] int 
 Registers used:
		wreg, status,2, status,0
 Tracked objects:
		On entry : 
		On exit  : 
		Unchanged: 
 Data sizes:     COMMON   BANK0   BANK1   BANK2
      Params:         4       0       0       0
      Locals:         4       0       0       0
      Temps:          1       0       0       0
      Totals:         9       0       0       0
Total ram usage:        9 bytes
 Hardware stack levels used:    1
 Hardware stack levels required when called:    1
 This function calls:
		Nothing
 This function is called by:
		_main
		_display_init
 This function uses a non-reentrant model


 *************** function _myISR *****************
 Defined at:
		line 189 in file "main.c"
 Parameters:    Size  Location     Type
		None
 Auto vars:     Size  Location     Type
		None
 Return value:  Size  Location     Type
                  1    wreg      void 
 Registers used:
		wreg, status,2, status,0
 Tracked objects:
		On entry : 
		On exit  : 
		Unchanged: 
 Data sizes:     COMMON   BANK0   BANK1   BANK2
      Params:         0       0       0       0
      Locals:         0       0       0       0
      Temps:          1       0       0       0
      Totals:         1       0       0       0
Total ram usage:        1 bytes
 Hardware stack levels used:    1
 This function calls:
		Nothing
 This function is called by:
		Interrupt level 1
 This function uses a non-reentrant model



MODULE INFORMATION

Module		Function		Class		Link	Load	Size
C:\Program Files (x86)\Microchip\xc8\v2.10\pic\sources\c99\pic\__eeread.c
		_eeprom_read   		CODE           	07BE	0000	22

C:\Program Files (x86)\Microchip\xc8\v2.10\pic\sources\c99\pic\__eeread.c estimated size: 22

C:\Program Files (x86)\Microchip\xc8\v2.10\pic\sources\c99\pic\__eewrite.c
		_eeprom_write  		CODE           	06F1	0000	43

C:\Program Files (x86)\Microchip\xc8\v2.10\pic\sources\c99\pic\__eewrite.c estimated size: 43

C:\Program Files (x86)\Microchip\xc8\v2.10\pic\sources\c99\common\lwdiv.c
		___lwdiv       		CODE           	0680	0000	62

C:\Program Files (x86)\Microchip\xc8\v2.10\pic\sources\c99\common\lwdiv.c estimated size: 62

C:\Program Files (x86)\Microchip\xc8\v2.10\pic\sources\c99\common\awdiv.c
		___awdiv       		CODE           	04E7	0000	96

C:\Program Files (x86)\Microchip\xc8\v2.10\pic\sources\c99\common\awdiv.c estimated size: 96

./output.h
		_output_relay  		CODE           	07F0	0000	8
		_output_config 		CODE           	07E9	0000	8

./output.h estimated size: 16

shared
		__initialization		CODE           	003A	0000	21

shared estimated size: 21

./input.h
		_input_config  		CODE           	0FE8	0000	7
		_input_pulsador_ok		CODE           	0741	0000	39
		_input_pulsador_bajar		CODE           	0767	0000	39
		_input_pulsador_subir		CODE           	071B	0000	39

./input.h estimated size: 124

./max7219.h
		_max7219_writeChar		CODE           	0546	0000	91
		_max7219_config		CODE           	05F3	0000	76
		_max7219_brillo		CODE           	078D	0000	28
		___max7219_write		CODE           	063E	0000	67

./max7219.h estimated size: 262

C:\Program Files (x86)\Microchip\xc8\v2.10\pic\sources\c99\common\lwmod.c
		___lwmod       		CODE           	06BD	0000	53

C:\Program Files (x86)\Microchip\xc8\v2.10\pic\sources\c99\common\lwmod.c estimated size: 53

C:\Program Files (x86)\Microchip\xc8\v2.10\pic\sources\c99\common\awmod.c
		___awmod       		CODE           	05A0	0000	84

C:\Program Files (x86)\Microchip\xc8\v2.10\pic\sources\c99\common\awmod.c estimated size: 84

main.c
		_myISR         		CODE           	0004	0000	53
		_display_init  		CODE           	03F8	0000	240
		_main          		CODE           	0052	0000	595
		_timer_0_enable		CODE           	0FF4	0000	7
		_timer_0_config		CODE           	07D3	0000	14
		_update_eeprom 		CODE           	02A4	0000	341
		_oscillator_config		CODE           	07E0	0000	10
		_timer_0_disable		CODE           	0FEE	0000	7

main.c estimated size: 1267

